// Jest Snapshot v1, https://goo.gl/fbAQLP

exports[`InsightsAbout component should render correctly 1`] = `
<ContextProvider
  value={null}
>
  <InsightsAbout
    activeApp="fakeAppId"
    appId="fakeAppId"
    dispatch={[Function]}
    globalNav=""
    store={
      Object {
        "clearActions": [Function],
        "dispatch": [Function],
        "getActions": [Function],
        "getState": [Function],
        "replaceReducer": [Function],
        "subscribe": [Function],
      }
    }
    user={Object {}}
  />
</ContextProvider>
`;
